[FW: 1.1.8 Build 210728 Rel.34711n(4555)]


---------------------


[    0.606013] Creating 16 MTD partitions on "jz_sfc":
[    0.611081] 0x000000000000-0x00000002d800 : "factory_boot"
[    0.616752] mtd: partition "factory_boot" doesn't end on an erase block -- force read-only
[    0.625816] 0x00000002d800-0x000000030000 : "factory_info"
[    0.631536] mtd: partition "factory_info" doesn't start on an erase block boundary -- force read-only
[    0.641577] 0x000000030000-0x000000040000 : "art"
[    0.646944] 0x000000040000-0x000000050000 : "config"
[    0.652632] 0x000000050000-0x000000070000 : "normal_boot"
[    0.658694] 0x000000070200-0x0000001b0000 : "kernel"
[    0.663876] mtd: partition "kernel" doesn't start on an erase block boundary -- force read-only
[    0.673376] 0x0000001b0000-0x0000003d0000 : "rootfs"
[    0.678992] 0x0000003d0000-0x000000770000 : "rootfs_data"
[    0.685112] 0x000000770000-0x0000007f0000 : "user_record"
[    0.691256] 0x0000007f0000-0x000000800000 : "verify"
[    0.696901] 0x000000070000-0x000000770000 : "firmware"
[    0.702767] 0x000000000000-0x000000800000 : "uitron"
[    0.708384] 0x000000000000-0x000000800000 : "uitron_ext"
[    0.714432] 0x000000000000-0x000000800000 : "ld"
[    0.719723] 0x000000000000-0x000000800000 : "isp"
[    0.725163] 0x000000030000-0x000000800000 : "af"

dev:    size   erasesize  name
mtd0: 0002d800 00001000 "factory_boot"
mtd1: 00002800 00001000 "factory_info"
mtd2: 00010000 00001000 "art"
mtd3: 00010000 00001000 "config"
mtd4: 00020000 00001000 "normal_boot"
mtd5: 0013fe00 00008000 "kernel"
mtd6: 00220000 00008000 "rootfs"
mtd7: 003a0000 00008000 "rootfs_data"
mtd8: 00080000 00008000 "user_record"
mtd9: 00010000 00008000 "verify"
mtd10: 00700000 00008000 "firmware"
mtd11: 00800000 00008000 "uitron"
mtd12: 00800000 00008000 "uitron_ext"
mtd13: 00800000 00008000 "ld"
mtd14: 00800000 00008000 "isp"
mtd15: 007d0000 00008000 "af"
